---
source: tui/src/chatwidget/tests.rs
expression: popup
---
  Select Model and Effort
  Switch the model for this and future Codex CLI sessions

› 1. gpt-5-codex (current)     Optimized for coding tasks with many tools.
  2. gpt-5                     Broad world knowledge with strong general
                               reasoning.
  3. qwen3-coder-480b-a35b-instruct-mlx  Qwen3 Coder 480B model on OSMI
  4. osmi/gala-qwen3-coder     Gala-powered Qwen3 Coder model on OSMI
  5. osmi/qwen3-next-80b       Qwen3 Next 80B model on OSMI
  6. claude-3-opus-20240229    Claude 3 Opus model on OSMI
  7. claude-3-sonnet-20240229  Claude 3 Sonnet model on OSMI

  Press enter to select reasoning effort, or esc to dismiss.
